C51 COMPILER V9.60.7.0   MAIN                                                              08/07/2023 18:11:31 PAGE 1   


C51 COMPILER V9.60.7.0, COMPILATION OF MODULE MAIN
OBJECT MODULE PLACED IN .\Objects\main.obj
COMPILER INVOKED BY: D:\Keil_v5\C51\BIN\C51.EXE main.c OPTIMIZE(8,SPEED) BROWSE DEBUG OBJECTEXTEND PRINT(.\Listings\main
                    -.lst) OBJECT(.\Objects\main.obj)

line level    source

   1          // _nop_()延时一个机器周期
   2          #include <reg52.h>
   3          #include <intrins.h>
   4          sbit PWM = P0^0;  //设定PWM输出的I/O端口
   5          unsigned char count = 0;
   6          unsigned char timer1 ;
   7          /*
   8          对于180°舵机
   9          t = 0.5ms——————-舵机会转动 0 ° 
  10          t = 1.0ms——————-舵机会转动 45°
  11          t = 1.5ms——————-舵机会转动 90°
  12          t = 2.0ms——————-舵机会转动 135°
  13          t = 2.5ms——————-舵机会转动180
  14          */
  15           
  16           
  17           
  18          /*延时程序*/
  19          void delay1s(void)   //误差 0us
  20          {
  21   1          unsigned char a,b,c;
  22   1          for(c=167;c>0;c--)
  23   1              for(b=171;b>0;b--)
  24   1                  for(a=16;a>0;a--);
  25   1          _nop_();  //if Keil,require use intrins.h
  26   1      }
  27           
  28          /*定时器T0初始化*/
  29          void Timer0_Init()           
  30          {
  31   1          TMOD &= 0x00;
  32   1          TMOD |= 0x01; //定时器T0设置成方式1
  33   1       
  34   1          TH0 = 0xff;   //定时常数 0.1ms 晶振为11.0592MHz
  35   1          TL0 = 0xa4;
  36   1       
  37   1          ET0 = 1;      
  38   1          TR0 = 1; 
  39   1              EA=1; 
  40   1              }
  41                  
  42          /*T0中断初始化*/
  43          void Time0_Init() interrupt 1 
  44          {
  45   1              TR0 = 0; 
  46   1              TH0 = 0xff; // 0.1ms
  47   1              TL0 = 0xa4;
  48   1              
  49   1              if(count <= timer1) //5==0° 15==90°
  50   1              { 
  51   2                      PWM = 1; 
  52   2              }
  53   1              else 
  54   1              { 
C51 COMPILER V9.60.7.0   MAIN                                                              08/07/2023 18:11:31 PAGE 2   

  55   2                      PWM = 0; 
  56   2              }
  57   1              count++;
  58   1              if (count >= 200) //T = 20ms清零
  59   1              { 
  60   2                      count = 0; 
  61   2              }
  62   1              TR0 = 1; //开启T0
  63   1      }
  64          void main()
  65          {
  66   1              Timer0_Init();
  67   1              while(1)
  68   1              {
  69   2                      
  70   2                      timer1 =5;//舵机恢复到0°的位置
  71   2                      count=0;//让定时器重新计数
  72   2                      delay1s();
  73   2                      timer1 =10;
  74   2                      count=0;
  75   2                      delay1s();
  76   2              }
  77   1      }


MODULE INFORMATION:   STATIC OVERLAYABLE
   CODE SIZE        =     99    ----
   CONSTANT SIZE    =   ----    ----
   XDATA SIZE       =   ----    ----
   PDATA SIZE       =   ----    ----
   DATA SIZE        =      2    ----
   IDATA SIZE       =   ----    ----
   BIT SIZE         =   ----    ----
END OF MODULE INFORMATION.


C51 COMPILATION COMPLETE.  0 WARNING(S),  0 ERROR(S)
